C:/ameba/ameba-rtos-pro2/component/bluetooth/rtk_stack/example/ble_peripheral/ble_peripheral_at_cmd.c:70:12:hex_str_to_int	8	static
C:/ameba/ameba-rtos-pro2/component/bluetooth/rtk_stack/example/ble_peripheral/ble_peripheral_at_cmd.c:92:6:ble_peripheral_at_cmd_send_msg	32	static
C:/ameba/ameba-rtos-pro2/component/bluetooth/rtk_stack/example/ble_peripheral/ble_peripheral_at_cmd.c:121:5:ble_peripheral_at_cmd_set_adv_int	16	static
C:/ameba/ameba-rtos-pro2/component/bluetooth/rtk_stack/example/ble_peripheral/ble_peripheral_at_cmd.c:161:5:ble_peripheral_at_cmd_auth	40	static
C:/ameba/ameba-rtos-pro2/component/bluetooth/rtk_stack/example/ble_peripheral/ble_peripheral_at_cmd.c:249:5:ble_peripheral_at_cmd_send_userconf	16	static
C:/ameba/ameba-rtos-pro2/component/bluetooth/rtk_stack/example/ble_peripheral/ble_peripheral_at_cmd.c:269:5:ble_peripheral_at_cmd_update_conn_request	48	static
C:/ameba/ameba-rtos-pro2/component/bluetooth/rtk_stack/example/ble_peripheral/ble_peripheral_at_cmd.c:290:5:ble_peripheral_at_cmd_bond_information	48	static
C:/ameba/ameba-rtos-pro2/component/bluetooth/rtk_stack/example/ble_peripheral/ble_peripheral_at_cmd.c:321:5:ble_peripheral_send_indi_notification	64	static
C:/ameba/ameba-rtos-pro2/component/bluetooth/rtk_stack/example/ble_peripheral/ble_peripheral_at_cmd.c:640:5:ble_peripheral_app_handle_at_cmd	88	static
