C:/ameba/ameba-rtos-pro2/component/media/mmfv2/module_video.c:859:5:video_handle	0	static
C:/ameba/ameba-rtos-pro2/component/media/mmfv2/module_video.c:952:7:video_new_item	0	static
C:/ameba/ameba-rtos-pro2/component/media/mmfv2/module_video.c:87:6:video_default_meta_cb	8	static
C:/ameba/ameba-rtos-pro2/component/media/mmfv2/module_video.c:125:6:video_ch4_delay_release_task	8	static
C:/ameba/ameba-rtos-pro2/component/media/mmfv2/module_video.c:864:7:video_destroy	8	static
C:/ameba/ameba-rtos-pro2/component/media/mmfv2/module_video.c:892:7:video_create	24	static
C:/ameba/ameba-rtos-pro2/component/media/mmfv2/module_video.c:957:7:video_del_item	8	static
C:/ameba/ameba-rtos-pro2/component/media/mmfv2/module_video.c:73:6:video_show_fps	0	static
C:/ameba/ameba-rtos-pro2/component/media/mmfv2/module_video.c:77:5:video_get_cb_fps	8	static
C:/ameba/ameba-rtos-pro2/component/media/mmfv2/module_video.c:94:6:video_meta_data_process	16	static
C:/ameba/ameba-rtos-pro2/component/media/mmfv2/module_video.c:136:6:video_ch4_delay_release	16	static
C:/ameba/ameba-rtos-pro2/component/media/mmfv2/module_video.c:157:6:video_frame_complete_cb	152	static
C:/ameba/ameba-rtos-pro2/component/media/mmfv2/module_video.c:971:7:video_voe_release_item	24	static
C:/ameba/ameba-rtos-pro2/component/media/mmfv2/module_video.c:1012:5:video_voe_presetting	80	static
C:/ameba/ameba-rtos-pro2/component/media/mmfv2/module_video.c:1070:5:video_voe_presetting_by_params	136	static
C:/ameba/ameba-rtos-pro2/component/media/mmfv2/module_video.c:1147:5:video_extra_voe_presetting	16	static
C:/ameba/ameba-rtos-pro2/component/media/mmfv2/module_video.c:1158:6:video_voe_release	8	static
C:/ameba/ameba-rtos-pro2/component/media/mmfv2/module_video.c:1179:5:isp_get_id	16	static
C:/ameba/ameba-rtos-pro2/component/media/mmfv2/module_video.c:1199:5:isp_set_sensor	32	static
C:/ameba/ameba-rtos-pro2/component/media/mmfv2/module_video.c:1221:6:video_save_sensor_id	16	static
C:/ameba/ameba-rtos-pro2/component/media/mmfv2/module_video.c:505:5:video_control	56	static
C:/ameba/ameba-rtos-pro2/component/media/mmfv2/module_video.c:1232:6:video_set_sensor_id	8	static
C:/ameba/ameba-rtos-pro2/component/media/mmfv2/module_video.c:1241:6:video_setup_sensor	0	static
