00000010 A NN_SIZE
0000007e A DRAM_SIZE
00000080 A DDR_SIZE
00018000 D __ram_vector_start__
00018000 D ram_vector_table
00018140 D __ram_vector_end__
00018200 D __ram_start_table_start__
00018200 D gRamStartFun
00018280 D __ram_start_table_end__
00018300 D __bss_start__
00018300 D __fw_img_start__
00018300 d fcs_flag
00018320 D snand_data
00018b60 D _flash_sec_status
00018b68 D hal_sec_adtr
00018bc0 D hkdf_obj
00018ce0 D hal_trng_sec_adtr
00018d20 D crc_done
00018d24 D crypto_done
00018d28 D irq_handle
00018d2c D sk_used
00018d40 D cryptoEDDSA_obj
00018f80 D snand_ctrl_info
00019040 D snand_layout_info_inited
00019060 d snand_memcpy_buf
0001a0e0 D snand_part_tbl
0001a2b0 D ConfigBootLOG_EN
0001a2b1 D aes_gcm_tagfor_4k
0001a4b1 D aes_iv_info
0001a4b9 D bl4voe_shared_test
0001ac99 D boot_init_flags
0001ac9c D crypto_enc_info
0001acc0 D ddr_en_gpio
0001ad00 D fw_ld_export_info
0001ae70 D fw_rollback_chk_en
0001ae74 D hal_gdma_group
0001aea8 D ie_tbl_cache
0001b2c8 D log_uart
0001b3a0 D mani_data
0001b660 D pRamStartFun
0001b664 D pinmux_manager
0001b6c0 D sec_ctrl_info
0001b6c4 D sec_enc_info
0001b7e0 D sec_iv
0001b820 D sec_key
0001b880 D system_timer
0001b8f0 D timer_group1
0001b930 D video_img_ld_info
0001b940 D voe_fcs_para_raw
0001c940 D voe_fcs_peri_info
0001c960 D voe_ld_export_info
0001cb74 D boot_snafc_adpt
0001cbec D fcs_para_part_adpt
0001cc5c D fw_part_adpt
0001cccc D isp_part_adpt
0001cd3c D ispiq_img_dec_info
0001cd44 D ispiq_img_dec_record
0001cd68 D ispiq_img_ivptn
0001cd80 D mfst_buf
0001de00 d snafc_inited
0001de20 D snand_page_buf
0001eea0 D voe_img_dec_info
0001eea8 D voe_img_dec_record
0001eecc D voe_img_ivptn
0001eed4 D voe_fcs_load_ctrl
0001eeec d g_fcs_status
0001eef0 d g_pvoe_adpt
0001ef20 d i2c_addr_len
0001ef21 d i2c_data_len
0001ef24 d i2c_master_btldr
0001f024 d i2c_slave_addr
0001f028 d load_time
0001f040 D voe_addr
0001f044 D hal_lxbus_used_sts
0001f048 D p_sys_hal_snafc_adaptor
0001f04c D p_sys_hal_spic_adaptor
0001f050 d p_pmc_hal_spic_adaptor
0001f054 d irq_init
0001f058 D __bss_end__
00020300 D __data_start__
00020300 d video_boot_slot_num
00020305 D bl_log_cust_ctrl
00020308 D video_boot_stream
00020a20 D ddr2_bus_addr_remap_info
00020a40 D ddr2_bus_addr_remap_info_64MB
00020a60 D ddr3_bus_addr_remap_info
00020a80 D ddr3_bus_addr_remap_info_256MB
00020aa0 D pll_frequence_table
00020b3c D rxi316_ddr2_dev
00020b48 D rxi316_ddr2_dev_64MB
00020b54 D rxi316_ddr2_dramc_info
00020bc8 D rxi316_ddr2_info_m
00020be0 D rxi316_ddr2_mode_reg
00020c34 D rxi316_ddr2_timing
00020c98 D rxi316_ddr3_dev
00020ca4 D rxi316_ddr3_dramc_info
00020d18 D rxi316_ddr3_info_m
00020d30 D rxi316_ddr3_mode_reg
00020d84 D rxi316_ddr3_timing
00020de8 D slot_starve_info
00020e44 D new_flash_cmd
00020e6c d snand_memcpy_buf_cached_page
00020e80 D vv_adapter
00020f40 D vv_adp
00020f44 D hal_voe_version
00020f59 D version
00020f60 D __data_end__
00020f60 T RamImgSignature
00020f60 T __ram_code_text_start__
00020f60 T __ram_img_signature__
00020f6c t dcache_clean_invalidate_by_addr.constprop.0
00020f80 t hal_video_set_isp_init_items.isra.0
00020fcc W video_boot_init_sensor_config
00020fd2 W user_load_sensor_boot
00020fd8 T video_btldr_init_sensor_process
00021078 T video_boot_malloc
0002108c T video_boot_set_private_mask
000211f0 T video_boot_buf_calc
0002136c T video_boot_calcu_meta_size
00021464 T video_boot_open
000219ec T video_btldr_process
00021c54 T video_btldr_fcs_terminated
00021d6c T user_boot_fw_selection
00021d70 T spic_user_select
00021d7a T bootloader_enter
00021d7c T boot_get_remap_table_index
00021dc8 T boot_get_fcs_remap_block
00021e28 T boot_read_flash_data
00021edc T user_disable_fcs
00021ee0 T user_boot_config_init
00022048 t check_addr_region
0002206c T hal_flash_sec_get_status
0002207c t check_rom_error
000220b8 T hal_flash_sec_aes_disable
000220c8 T hal_flash_sec_enable_rmp_region
000220e8 T hal_flash_sec_set_word_from_byte_bigen
00022104 T hal_flash_sec_default_calculate_tag_base
00022124 T hal_flash_sec_default_decrypt_init
00022144 T hal_flash_sec_decrypt_region_init
00022168 T hal_flash_sec_decrypt_region_enable
00022188 T hal_flash_sec_remap_region
000221dc T hal_flash_sec_enable_remap_region
000221e8 T hal_flash_sec_disable_remap_region
000221f8 T hal_flash_sec_disable_decrypt_region
00022208 T hal_flash_sec_disable_dec_region
0002221c T hal_flash_sec_disable_rmp_region
00022230 T hal_hkdf_hmac_sha2_256_init
00022266 T hal_hkdf_hmac_sha2_256_update
00022290 T hal_hkdf_hmac_sha2_256_final
000222c4 T hal_hkdf_hook_operate_f
000222fc T hal_hkdf_init
000223a0 T hal_hkdf_hmac_init
000223b4 T hal_hkdf_hmac_sha256_secure_init
000223c0 T hal_hkdf_extract_secure_all
000223e0 T hal_hkdf_expand_secure_all
00022400 T hal_trng_sec_init
00022430 T hal_trng_sec_deinit
00022460 T hal_trng_sec_set_clk
00022490 T hal_trng_sec_swrst_en
000224b8 T hal_trng_sec_get_rand
000224e8 T hal_trng_sec_load_default_setting
00022520 T hal_wdt_enable
00022530 T hal_wdt_refresh
00022540 T hal_wdt_aon_enable
00022550 T hal_wdt_aon_disable
00022560 T hal_wdt_check_wdt_en
0002259c T hal_i2c_pure_init
000225ac T hal_i2c_set_clk
000225bc T hal_i2c_load_default
000225cc T hal_dramc_ftend_init
00022638 T hal_dramc_perf_tune
00022bc4 T hal_dramc_init
0002324c T cpu_read_modify_write
00023258 T hal_ddr2_phy_init
0002369c T hal_ddr3_phy_init
00023b08 T hal_init_dram
00023c08 T dram_set_pll_frequency
00023c98 T dram_init_clk_frequency_dss
00023e5c T g_crypto_handler
00023e78 T g_crypto_pre_exec
00023e84 T crypto_handler
00023ee0 T g_crypto_wait_done
00023f50 T hal_crypto_engine_init_platform
00023f90 T hal_crypto_engine_chk_init
00023fa0 T hal_crypto_engine_key_stg_deinit
00023fb8 T hal_crypto_irq_enable
00024008 T hal_crypto_engine_init
00024094 T hal_crypto_irq_disable
000240c4 T hal_crypto_engine_deinit
00024134 T hal_crypto_sha1_init
0002415c T hal_crypto_sha1_update
00024198 T hal_crypto_sha1_final
000241c4 T hal_crypto_sha2_256_init
000241ec T hal_crypto_sha2_256_update
00024228 T hal_crypto_sha2_256_final
00024254 T hal_crypto_sha2_512_init
0002427c T hal_crypto_sha2_512_update
000242b8 T hal_crypto_sha2_512_final
000242e4 T hal_crypto_hmac_sha2_256_init
00024328 T hal_crypto_hmac_sha2_256_update
00024364 T hal_crypto_hmac_sha2_256_final
00024390 T hal_crypto_hmac_sha2_256_get_sk_cfg
000243e0 T hal_crypto_hmac_sha2_256_sk_init
00024418 T hal_crypto_hmac_sha2_256_sk_final
00024440 T hal_crypto_aes_sk_init_core
000244d8 T hal_crypto_aes_ecb_sk_init
000244e8 T hal_crypto_aes_ecb_encrypt
00024550 T hal_crypto_aes_ecb_decrypt
000245b8 T hal_crypto_aes_gcm_sk_init
000245c8 T hal_crypto_aes_gcm_decrypt
00024650 T hal_crypto_key_storage_writekey
00024690 T hal_crypto_crc_setting
000246d0 T hal_crypto_crc_cmd
00024724 T hal_crypto_crc32_dma
000247d8 T hal_eddsa_sha2_512_init
000247fc T hal_eddsa_sha2_512_update
00024826 T hal_eddsa_sha2_512_final
00024850 T hal_eddsa_hook_hash_op_f
00024888 T hal_eddsa_engine_init
00024920 T hal_eddsa_sign_verify
000249b0 T hal_flash_set_write_enable
000249c0 T hal_flash_set_status
000249d0 T hal_flash_set_extended_addr
000249e0 T hal_flash_get_status
000249f0 T hal_flash_set_dummy_cycle
00024a00 T hal_flash_set_quad_enable
00024aa8 T hal_flash_enable_qpi
00024b40 T hal_flash_return_spi
00024b50 T hal_flash_enter_power_down
00024b60 T hal_flash_stream_read
00024c28 T hal_flash_page_program
00024c38 T hal_flash_support_new_type
00024c5c T hal_flash_enter_4byte_addr
00024ce4 T hal_flash_exit_4byte_addr
00024d58 T hal_gpio_init
00024dc8 T hal_gpio_deinit
00024df4 t hal_snand_pinmux_ctl.part.0
00024e28 t rt_memcpy.isra.0
00024e38 T hal_snand_pinmux_ctl
00024e78 T hal_snand_deinit
00024e90 T hal_snand_adtr_reset
00024f1c T hal_snand_clk_sel
00024f28 T hal_snand_read_id
00024f4c T hal_snand_set_status
00024f5c T hal_snand_get_status
00024f6c T hal_snand_set_quad_enable
00024f88 T hal_snand_pio_read
00024fb4 T hal_snand_page_read
00025054 t hal_snand_page_read_w_cache.constprop.0
00025084 T hal_snand_io_mode_sel
000250bc T hal_snand_addr_cpy
0002511c T hal_snand_addr_ofst
000251a0 t hal_snand_map_blk
0002527c T hal_snand_init_ctrl_info
000252b0 T hal_snand_init
000252d8 T hal_snand_bus_calibr
000253e8 T hal_snand_part_adpt_init
000254b8 T hal_snand_ofst_2_addr
0002553c T hal_snand_load_from_part
000256a8 T hal_snand_otp_clk_sel
000256ec t hal_gpio_pull_ctrl.isra.0
000256fc T spic_query_system_clk
0002570c T spic_clock_ctrl
0002571c T spic_init_setting
0002572c T spic_config_dtr_read
0002573c T spic_config_auto_mode
000258a0 T spic_config_user_mode
000258e8 T spic_verify_calibration_para
000258f8 T spic_set_chnl_num
00025908 T spic_set_delay_line
00025918 T spic_tx_cmd_no_check
00025928 T spic_tx_cmd
00025938 T spic_pinmux_ctl
000259c8 T spic_deinit
000259f6 T spic_deinit_for_xip_img_deinit
00025a20 T spic_load_calibration_setting
00025b20 T spic_store_calibration_setting
00025ba4 T spic_calibration
00025e64 T spic_init
00025f50 T hal_read_curtime_us
00025f60 T hal_delay_us
00025f7c t hal_gpio_pull_ctrl.isra.0
00025f8c T hal_uart_check_uart_id
00026058 T hal_uart_init
00026118 T hal_uart_deinit
00026198 T mpu_init
000262b0 t dcache_clean_by_addr
000262c0 t rt_memcpy
000262d0 t boot_clear_partition_tbl
000262e0 t boot_sec_xip_pending_process_rmp
000262f0 t boot_img_rmp_and_dec_lkp_tbl_remove
00026300 t boot_get_ld_version
00026310 t boot_get_ld_timst
00026320 t dump_bytes.constprop.0
00026330 t boot_img_rmp_and_dec_lkp_tbl_insert.constprop.0.isra.0
00026344 t boot_sec_xip_disable_dec_config.isra.0
00026354 t boot_sec_xip_disable_rmp_config.isra.0
00026364 t rt_memset.isra.0
00026374 t bl_get_ispiq_imgsz_manif_ie_f.part.0
000263d8 T chk_fw_img_signature
000263e8 T log_uart_port_init
00026464 T boot_start_secure_bss_clean
00026488 T boot_start_ram_bss_clean
000264ac T boot_start_bss_data_init
000264dc T xip_pending_cfg_add
00026574 T xip_pending_process
0002663c T boot_load_no_sb
000268c8 T sb_ram_img_pbk_hash_vrf_f
00026a10 T sb_ram_img_sign_vrf_f
00026b28 T sb_img_hash_init_wrap_f
00026b40 T sb_nor_flash_hash_update
00026b74 T sb_ram_hash_chk_core_f
00026d88 T sb_ram_sect_ld_hash_prechk_valid_f
00026e00 T sb_ram_sect_ld_hash_chk_f
00026eb0 T sb_ram_all_img_hash_chk_f
00026f68 T sb_ram_img_vrf_op
00026fd8 T chk_img_type_id_invalid
00026ffc T sec_ram_cfg_f_init
00027084 T unpt_ie_load
00027178 T multi_sensor_unpt_ie_load
000271c0 T multi_sensor_info_load
00027274 T img_part_rd_export_info_load
000272f4 T img_data_export_info_load
00027350 T chk_ram_sect_type_id_invalid
00027374 T ram_vrf_dest_sect_load
0002761c T fw_load_img_sect_f
000276a0 T bl_get_ispiq_imgsz_manif_ie_f
000276b0 T chk_load_fw_idx
00027700 T flash_sec_crypto_ram_init
000277e8 T flash_sec_crypto_ram_aes_gcm_decrypt_core
0002794c T flash_sec_crypto_ram_aes_ctr_encrypt_blk
00027960 T flash_sec_crypto_ram_aes_ecb_mix_decrypt_core
00027b20 T flash_sec_crypto_ram_decrypt
00027b9c T sec_ram_key_register_key_stg
00027c58 T chk_manifest_lbl
00027c68 T confirm_manif_label_f
00027ca0 T bl_load_ispiq_img_core
00027d84 T sb_ram_img_dec_rmp
00028514 T fw_load_fw_f
00028804 T img_ram_get_ld_sel_info_from_ie
000288f0 T record_fw_ld_info
00028a04 T boot_ram_get_fw_img_rollback_check_en_ctrl
00028a14 T boot_ram_get_pre_boot_fail_sts
00028a54 T boot_ram_img_get_ld_sel_idx
00028b06 T user_boot_fw_selection_init
00028b70 T boot_img_get_ld_select_idx
00028c10 T boot_record_fw_ld_info
00028c20 T boot_img_ram_sel_op_idx
00028d30 T boot_img_load_sel_idx
00028d60 T boot_img_anti_rollback
00028e0c T set_bl_share_data
00028e8c T confirm_manif_hdr_ram_f
00028f00 T find_sb_ie_from_tbl_cache_ram_f
00028f7c T confirm_manif_ie4tb_ram_f
0002905c T sb_ram_preld_img_manifest_data
000290aa T verify_manif_4imgpayld_ram_f
00029120 T ram_vrf_img_from_device_load
000292e4 T nor_boot_load_fw
00029450 T nor_boot_load_fcs_para
000294c8 T ram_vrf_isp_img_from_device_load
00029604 T nor_boot_load_isp
000296b0 T boot_load_tlv
00029864 T img_load_fail_set_rollback
00029918 W fw_img_load_fail_rollback
00029920 T boot_start
00029fa4 T snand_fw_img_memcpy
00029fe4 T snand_iq_img_memcpy
0002a024 t rt_memset.isra.0
0002a034 t rt_memcpy.isra.0
0002a044 T snand_load_cipher_data
0002a13c T snand_voe_img_decrypt
0002a1f8 T snand_ispiq_img_decrypt
0002a2b4 T snand_load_sect
0002a34c T sb_snand_hash_update
0002a3dc T snand_load_cipher_sect_data
0002a3f0 T snand_load_cipher_sect
0002a528 T snand_load_single_img
0002a83c T snand_load_img
0002a8b0 T snand_load_cipher_img
0002ab38 T snand_load_fw
0002acd0 T fw_snafc_init
0002ad34 T snand_load_fcspara
0002ade0 T snand_load_isp_iq
0002aed4 T init_data_from_rom
0002af24 T snand_boot_loader
0002b0c0 t rt_memset.isra.0
0002b0d0 t rt_memcpy.isra.0
0002b0e0 T snand_get_img_sel_info
0002b204 T snand_img_sel
0002b36c t rt_memcpy.isra.0
0002b37c T snand_is_invaild_blk
0002b474 T snand_save_rec_info
0002b648 T snand_chk_rec_grp
0002b6a8 T snand_rec_grp_init
0002b6d4 T snand_parse_par_tbl
0002b7c0 T snand_load_par_tbl
0002b90c T boot_snand_load_ctrl_info
0002ba18 T boot_snand_reparse
0002ba28 t rt_memcpy
0002ba38 T load_voe_boot_process
0002bb44 t dcache_clean_invalidate_by_addr
0002bb54 T hal_video_get_adp
0002bb60 T hal_video_init
0002bc78 T hal_video_config_grid_mask
0002bd14 T hal_video_config_rect_mask
0002bd7c T hal_i2c_pin_register_simple
0002bdd2 T hal_i2c_pin_unregister_simple
0002be28 t hal_irq_disable
0002be38 t hal_irq_clear_pending
0002be48 t dcache_clean_invalidate_by_addr
0002be58 t hal_voe_fcs_check_km_run_OK
0002be68 t VOE_IRQHandler
0002bedc t hal_voe_fcs_write_err_status
0002bf14 t hal_voe_set_erac_int.part.0
0002bf30 t hal_voe_irq_reg
0002bf64 T hal_voe_load_sensor
0002c02c T hal_voe_load_iq
0002c098 T hal_voe_init
0002c27c T hal_voe_fcs_check_km_run_done
0002c2a0 t hal_voe_bypass_rom
0002c390 T hal_voe_fcs_set_voe_fm_load_flag_final
0002c49c T hal_voe_ready
0002c4e0 T hal_voe_fcs_check_OK
0002c54c T hal_voe_load_fw
0002c78c T hal_voe_i2c_init_btldr
0002c7d0 W video_btldr_i2c_process
0002c7d4 T hal_voe_show_fcs_result
0002c814 T hal_voe_boot_process
0002ca60 T __wrap_memcpy
0002ca70 T __wrap_memset
0002ca80 T hal_pinmux_rom_info_manage
0002ca90 T hal_pinmux_manager_init
0002cac0 T hal_pinmux_register
0002cad0 T hal_pinmux_unregister
0002cae0 T hal_otp_pmc_gnt_ctrl
0002caf0 T hal_otpc_ctrl
0002cb00 T hal_otp_pwr_ctrl
0002cb10 T hal_otp_rd_syss
0002cb20 T hal_otp_get_pc_dly
0002cb40 T hal_otp_init
0002cba8 t hal_gpio_pull_ctrl.isra.0
0002cbb8 T hal_sys_get_spic_adtr
0002cbc4 T hal_sys_boot_footpath_store
0002cbd4 T hal_sys_boot_footpath_clear
0002cbe4 T hal_sys_get_rma_state
0002cbf4 T hal_sys_sjtag_fixed_key_enable
0002cc24 T hal_sys_get_video_info
0002cc34 T hal_sys_get_rom_ver
0002cc48 T hal_sys_get_chip_id
0002cca4 T hal_sys_peripheral_en
0002cd3c T hal_sys_lxbus_shared_en
0002cd8c T hal_sys_set_clk
0002cdc0 T hal_sys_get_pre_boot_fail_sts
0002ce4c T hal_sys_set_system_reset
0002ce60 T hal_sys_swd_pin_ctrl
0002cf04 T hal_sys_jtag_pin_ctrl
0002cfb4 T hal_sys_get_boot_select
0002cfd0 T hal_sys_save_dev_adtr
0002cfec T hal_sdm_32k_enable
0002d0a4 T hal_sys_bt_uart_mux
0002d0fc T hal_32k_s1_sel
0002d150 T hal_sys_high_val_protect_init_hook
0002d17c T hal_sys_high_val_protect_init
0002d194 T hal_sys_high_val_protect_deinit
0002d1ac T hal_sys_high_val_protect_ld
0002d1d8 T hal_sys_high_val_protect_ld_delay
0002d1f4 T hal_sys_check_high_val_protect_init
0002d210 W fcs_fb_atld_cfg
0002d214 T hal_sys_get_atld_cfg
0002d298 T hal_sys_dbg_port_cfg
0002d38c T hal_sys_dbg_port_en_ctrl
0002d3f8 T hal_sys_high_val_protect_init_flow
0002d454 T hal_sys_high_val_mem_protect_ld
0002d518 T hal_sys_flash_sec_aes_gcm_tag_cmp
0002d5c0 T hal_sys_high_val_protect_cmp
0002d6c4 T hal_voe_set_kmfw_base_addr
0002d6d0 T hal_voe_get_kmfw_base_addr
0002d6dc T hal_voe_set_kmfw_len
0002d6e8 T hal_voe_get_kmfw_len
0002d6f4 T hal_voe_set_read_msg_ext_ctrl
0002d700 T hal_voe_get_read_msg_ext_ctrl
0002d70c T hal_voe_set_int_status_ext_cpu
0002d718 T hal_voe_set_int_mask_ext_cpu
0002d724 T hal_voe_get_int_mask_ext_cpu
0002d730 T hal_voe_set_voe_sys_ctrl
0002d73c T hal_voe_set_km_initvtor
0002d750 T hal_voe_check_voe_power_on
0002d766 T hal_voe_mem_cpy
0002d770 T hal_voe_get_voe_version
0002d784 T hal_rtl_uart_init_bt_patch
0002d7c8 T hal_rtl_uart_unreg_irq_patch
0002d7e4 T hal_rtl_uart_deinit_patch
0002d850 T hal_rtl_sys_peripheral_en_patch
0002dec4 T hal_rtl_sys_set_clk_patch
0002df4c t hal_sys_peripheral_en_sec_patch.part.0
0002df6c t hal_rtl_sys_set_clk_trng_patch.part.0
0002dfc0 T hal_sys_peripheral_en_sec_patch
0002dff0 T hal_rtl_trng_sec_set_normal_ctrl_patch
0002e07a T hal_rtl_trng_sec_set_lfsr_ctrl_patch
0002e110 T hal_rtl_trng_sec_set_selft_ctrl_patch
0002e264 T hal_rtl_trng_sec_swrst_en_patch
0002e2a0 T hal_rtl_trng_sec_load_default_setting_patch
0002e2f4 T hal_rtl_trng_sec_set_clk_patch
0002e324 T hal_rtl_trng_sec_init_patch
0002e368 T hal_rtl_trng_sec_deinit_patch
0002e392 T hal_rtl_trng_sec_get_rand_patch
0002e3f4 T systemon_handler
0002e454 T hal_systemon_reg_irq
0002e490 T hal_DeepSleep
0002e708 T hal_SleepCG
0002e9d8 T hal_SleepPG
0002eddc T __ram_code_text_end__
01400000 A __nn_code_size__
10000000 A Image$$_STUB_TMR$$Base
10000000 A __rom_stubs_hal_timer
10000000 A __rom_stubs_hal_timer_s
10000000 A _start_addr
10000000 A hal_gtimer_stubs
100000e0 A Image$$_STUB_INT_VECTOR$$Base
100000e0 A __rom_stubs_int_vector
100000e0 A hal_int_vector_stubs
10000130 A Image$$_STUB_CRYPTO$$Base
10000130 A __rom_stubs_hal_crypto
10000130 A hal_crypto_stubs_s
100001f0 A __rom_stubs_hal_rsa
100001f0 A hal_rsa_stubs
10000230 A __rom_stubs_hal_ecdsa
10000230 A hal_ecdsa_stubs
100002f0 A __rom_stubs_hal_eddsa
100002f0 A hal_eddsa_stubs
10000390 A Image$$_STUB_PWM$$Base
10000390 A __rom_stubs_hal_pwm
10000390 A hal_pwm_stubs
10000460 A Image$$_STUB_UART$$Base
10000460 A __rom_stubs_hal_uart
10000460 A hal_uart_stubs
10000580 A Image$$_STUB_I2C$$Base
10000580 A __rom_stubs_hal_i2c
10000580 A hal_i2c_stubs
10000680 A Image$$_STUB_GPIO$$Base
10000680 A __rom_stubs_hal_gpio
10000680 A hal_gpio_stubs
10000740 A __rom_stubs_hal_otp
10000740 A hal_otp_stubs
10000860 A Image$$_STUB_GDMA$$Base
10000860 A __rom_stubs_hal_gdma
10000860 A __rom_stubs_hal_gdma_s
10000860 A hal_gdma_stubs
10000920 A Image$$_STUB_SPIC$$Base
10000920 A __rom_stubs_hal_spic
10000920 A hal_spic_stubs
10000980 A Image$$_STUB_FLASH$$Base
10000980 A __rom_stubs_hal_flash
10000980 A hal_flash_stubs
10000a20 A Image$$_STUB_PINMUX$$Base
10000a20 A __rom_stubs_hal_pinmux
10000a20 A hal_pin_manag_stubs
10000a60 A Image$$_STUB_CACHE$$Base
10000a60 A __rom_stubs_hal_cache
10000a60 A hal_cache_stubs
10000aa0 A Image$$_STUB_MISC$$Base
10000aa0 A __rom_stubs_hal_misc
10000aa0 A hal_misc_stubs
10000b00 A __rom_stubs_hal_wdt
10000b00 A hal_wdt_stubs
10000b60 A __rom_stubs_flash_boot
10000b60 A hal_flash_boot_stubs
10000ba0 A __rom_stubs_hal_sys_ctrl
10000ba0 A hal_sys_ctrl_stubs
10000c00 A Image$$_STUB_SNAND$$Base
10000c00 A __rom_stubs_hal_snand
10000c00 A hal_snand_stubs
10000c60 A __rom_stubs_hal_hkdf
10000c60 A hal_hkdf_stubs
10000ca0 A __rom_stubs_hal_flash_sec
10000ca0 A hal_flash_sec_stubs
10000d00 A Image$$_STUB_PRINTFS$$Base
10000d00 A __rom_stubs_stdprintf_s
10000d50 A Image$$_STUB_STRPROC$$Base
10000d50 A __rom_stubs_strproc
10000d50 A strproc_stubs
10000e10 A Image$$_STUB_UTILITY$$Base
10000e10 A __rom_stubs_utility
10000e10 A utility_stubs
10000e60 A __rom_stubs_ssl_s
10000fd0 A __rom_stubs_flash_boot_tlv
10000fd0 A hal_flash_boot_tlv_stubs
10001070 A __rom_stubs_hal_hkdf_extend
10001070 A hal_hkdf_ext_stubs
100010b0 A Image$$_STUB_TRNG$$Base
100010b0 A __rom_stubs_hal_trng
100010b0 A hal_trng_stubs
10001130 A __rom_stubs_hal_flash_sec_extend
10001130 A hal_flash_sec_ext_stubs
10001180 A __rom_stubs_snand_boot
10001180 A hal_snand_boot_stubs
10001240 A __rom_stubs_hal_trng_sec
10001240 A hal_trng_sec_stubs
100012a0 A __rom_stubs_hal_sys_ctrl_hgih_val_prot
100012a0 A hal_sys_ctrl_high_val_prot_stubs
100012c0 A __rom_stubs_hal_sys_ctrl_extend
100012c0 A hal_sys_ctrl_extend_stubs
100bc030 A Image$$_STUB_CRYPTONS$$Base
100bc030 A __rom_stubs_hal_crypto_ns
100bc030 A hal_crypto_stubs_ns
100bc540 A __rom_stubs_hal_gdma_ns
100bc7a0 A Image$$_STUB_SHELL$$Base
100bc7a0 A __rom_stubs_shell
100bc7a0 A cmd_shell_stubs
100bc800 A Image$$_STUB_PRINTFNS$$Base
100bc800 A __rom_stubs_stdprintf_ns
100bc800 A stdio_printf_stubs
100bc930 A __rom_stubs_utility_ns
100bc980 A Image$$_STUB_WLAN$$Base
100bc980 A __rom_stubs_wlan
100bc980 A wlan_func_stubs
100bcb00 A Image$$_STUB_APPLE$$Base
100bcb00 A __rom_stubs_apple
100bcb00 A apple_func_stubs
100bcb40 A Image$$_STUB_SSL$$Base
100bcb40 A __rom_stubs_ssl
100bcb40 A __rom_stubs_ssl_ns
100bcb40 A ssl_func_stubs
100bd030 A __rom_stubs_faac
100bd030 A faac_func_stubs
100bff00 A Image$$_STUB_NS4S$$Base
100bff00 A __rom_stubs_symb_ns4s
100bff00 A symb_ns4s_stubs
20000000 D __boot_sboot_bss_start__
20000000 D __boot_temp_bss_end__
20000000 D __boot_temp_bss_start__
20000000 D xip_sce_cfg_pending
200000c0 D sec_adtr
20000120 D sec_digest_buf
20000160 D temp_dec_buf
200002e0 D sb_digest_buf
20000320 D tmp_sect_hdr
20000420 D _hal_spic_adaptor
2000050c D pimg_start
20000520 D tmp_img_hdr
20000620 D sb_ram_info
20000680 D sb_ram_sec_cfg_pending
200007f8 D fw1_xip_img_phy_offset
200007fc D __boot_sboot_bss_end__
200007fc R __HeapBase
200007fc R __HeapLimit
200007fc R __end__
200007fc R end
20004000 A __StackLimit
20004000 R __StackTop
20101200 R __ram_code_rodata_start__
201015e9 r __FUNCTION__.0
20101d10 r snandTunningBlockPattern
20102100 r __func__.0
20102dc4 r CSWTCH.286
20102dca R ImgManiValidateLbl
20102dd2 R bl4fw_shared_str_sign
20102de2 R bl4voe_ld_info_str_sign
20102df2 R bl4voe_peri_str_sign
20102e02 R bl4voe_shared_str_sign
20102e12 R ld_img_type_id_list
20102e26 R ld_sect_type_id_list
20103c17 r __func__.0
20103c68 R dbg_port_clk_pin_sel
20103c70 R dbg_port_tms_io_pin_sel
20103c8f R __ram_code_rodata_end__
20105200 D __ram_bss_start__
20105200 D g_rtl_cryptoEngine_s
20105780 D __ram_bss_end__
2011fd00 D __sram_rev_start__
20120000 D __sram_rev_end__
20120000 D retention_table
70000000 ? __voe_code_start__
70100000 D __eram_start__
72c00000 ? __nn_code_start__
76e00000 A DRAM_END
76e00000 D __eram_end__
77e00000 A NN_END
