C:/ameba/ameba-rtos-pro2/component/soc/8735b/fwlib/rtl8735b/include/hal_cache.h:155:22:dcache_clean_invalidate_by_addr	8	static
C:/ameba/ameba-rtos-pro2/component/video/driver/RTL8735B/video_api.c:3895:12:video_meta_size_count	0	static
C:/ameba/ameba-rtos-pro2/component/video/driver/RTL8735B/video_api.c:3964:13:video_exif_degree2dms	24	static
C:/ameba/ameba-rtos-pro2/component/video/driver/RTL8735B/video_api.c:3992:13:video_exif_write_u32	0	static
C:/ameba/ameba-rtos-pro2/component/video/driver/RTL8735B/video_api.c:812:12:video_rc_init	24	static
C:/ameba/ameba-rtos-pro2/component/video/driver/RTL8735B/video_api.c:684:13:video_bps_stbl_ctrl_update_fps_gop	24	static
C:/ameba/ameba-rtos-pro2/component/video/driver/RTL8735B/video_api.c:4000:13:video_exif_write_entry.constprop	32	static
C:/ameba/ameba-rtos-pro2/component/video/driver/RTL8735B/video_api.c:1205:12:video_nv12_channel_heapsize.constprop	48	static
C:/ameba/ameba-rtos-pro2/component/soc/8735b/fwlib/rtl8735b/include/hal_gpio.h:373:23:hal_gpio_write.constprop	8	static
C:/ameba/ameba-rtos-pro2/component/video/driver/RTL8735B/video_api.c:774:12:video_rc_update_param.constprop.isra	0	static
C:/ameba/ameba-rtos-pro2/component/video/driver/RTL8735B/video_api.c:839:12:video_rc_deinit.isra	8	static
C:/ameba/ameba-rtos-pro2/component/soc/8735b/fwlib/rtl8735b/lib/source/ram/video/hal_video.h:797:23:hal_video_set_isp_init_items.isra	8	static
C:/ameba/ameba-rtos-pro2/component/soc/8735b/fwlib/rtl8735b/lib/source/ram/video/hal_video.h:755:23:hal_video_reset_mask_status.isra	0	static
C:/ameba/ameba-rtos-pro2/component/video/driver/RTL8735B/video_api.c:848:13:video_rc_callback	48	static
C:/ameba/ameba-rtos-pro2/component/video/driver/RTL8735B/video_api.c:278:13:video_output_cb	24	static
C:/ameba/ameba-rtos-pro2/component/video/driver/RTL8735B/video_api.c:182:6:video_set_isp_ch_buf	16	static
C:/ameba/ameba-rtos-pro2/component/video/driver/RTL8735B/video_api.c:188:5:video_get_maxqp	8	static
C:/ameba/ameba-rtos-pro2/component/video/driver/RTL8735B/video_api.c:197:16:video_get_iq_buf	0	static
C:/ameba/ameba-rtos-pro2/component/video/driver/RTL8735B/video_api.c:201:6:video_set_debug_level	8	static
C:/ameba/ameba-rtos-pro2/component/video/driver/RTL8735B/video_api.c:210:5:video_set_framerate	16	static
C:/ameba/ameba-rtos-pro2/component/video/driver/RTL8735B/video_api.c:220:5:video_get_buffer_info	24	static
C:/ameba/ameba-rtos-pro2/component/video/driver/RTL8735B/video_api.c:299:5:isp_ctrl_cmd	32	static
C:/ameba/ameba-rtos-pro2/component/video/driver/RTL8735B/video_api.c:336:5:iq_tuning_cmd	32	static
C:/ameba/ameba-rtos-pro2/component/video/driver/RTL8735B/video_api.c:410:5:video_i2c_cmd	24	static
C:/ameba/ameba-rtos-pro2/component/video/driver/RTL8735B/video_api.c:435:5:video_encbuf_clean	8	static
C:/ameba/ameba-rtos-pro2/component/video/driver/RTL8735B/video_api.c:442:5:video_encbuf_release	16	static
C:/ameba/ameba-rtos-pro2/component/video/driver/RTL8735B/video_api.c:454:5:video_ispbuf_release	16	static
C:/ameba/ameba-rtos-pro2/component/video/driver/RTL8735B/video_api.c:619:5:video_bps_stbl_ctrl_en	16	static
C:/ameba/ameba-rtos-pro2/component/video/driver/RTL8735B/video_api.c:636:5:video_set_bps_stbl_ctrl_params	32	static
C:/ameba/ameba-rtos-pro2/component/video/driver/RTL8735B/video_api.c:882:5:video_get_rc	8	static
C:/ameba/ameba-rtos-pro2/component/video/driver/RTL8735B/video_api.c:987:5:video_get_realfps	24	static
C:/ameba/ameba-rtos-pro2/component/video/driver/RTL8735B/video_api.c:968:5:video_set_rc	120	static
C:/ameba/ameba-rtos-pro2/component/video/driver/RTL8735B/video_api.c:998:5:video_wait_target_fps	32	static
C:/ameba/ameba-rtos-pro2/component/video/driver/RTL8735B/video_api.c:1013:5:video_set_roi_region	16	static
C:/ameba/ameba-rtos-pro2/component/video/driver/RTL8735B/video_api.c:1020:6:video_set_isp_info	0	static
C:/ameba/ameba-rtos-pro2/component/video/driver/RTL8735B/video_api.c:1030:5:video_set_voe_heap	0	static
C:/ameba/ameba-rtos-pro2/component/video/driver/RTL8735B/video_api.c:1089:5:video_buf_calc	40	static
C:/ameba/ameba-rtos-pro2/component/video/driver/RTL8735B/video_api.c:1300:5:video_buf_heap_calc	80	static
C:/ameba/ameba-rtos-pro2/component/video/driver/RTL8735B/video_api.c:1364:5:video_extra_buf_calc	16	static
C:/ameba/ameba-rtos-pro2/component/video/driver/RTL8735B/video_api.c:1411:6:video_init_peri	312	static
C:/ameba/ameba-rtos-pro2/component/video/driver/RTL8735B/video_api.c:1503:6:video_deinit_peri	264	static
C:/ameba/ameba-rtos-pro2/component/video/driver/RTL8735B/video_api.c:1539:26:video_get_pre_init_setup_params	0	static
C:/ameba/ameba-rtos-pro2/component/video/driver/RTL8735B/video_api.c:1544:6:video_pre_init_load_params	32	static
C:/ameba/ameba-rtos-pro2/component/video/driver/RTL8735B/video_api.c:1611:6:video_pre_init_save_cur_params	40	static
C:/ameba/ameba-rtos-pro2/component/video/driver/RTL8735B/video_api.c:1733:5:video_pre_init_get_meta_enable	0	static
C:/ameba/ameba-rtos-pro2/component/video/driver/RTL8735B/video_api.c:1742:6:video_calcu_meta_size	32	static
C:/ameba/ameba-rtos-pro2/component/video/driver/RTL8735B/video_api.c:1892:5:video_open_status	0	static
C:/ameba/ameba-rtos-pro2/component/video/driver/RTL8735B/video_api.c:466:5:video_ctrl	120	static
C:/ameba/ameba-rtos-pro2/component/video/driver/RTL8735B/video_api.c:1396:6:video_buf_release	16	static
C:/ameba/ameba-rtos-pro2/component/video/driver/RTL8735B/video_api.c:1530:6:video_pre_init_setup_parameters	8	static
C:/ameba/ameba-rtos-pro2/component/video/driver/RTL8735B/video_api.c:1904:5:video_check_fcs	12	static
C:/ameba/ameba-rtos-pro2/component/video/driver/RTL8735B/video_api.c:2446:5:video_close	24	static
C:/ameba/ameba-rtos-pro2/component/video/driver/RTL8735B/video_api.c:2478:5:video_get_stream_info	0	static
C:/ameba/ameba-rtos-pro2/component/video/driver/RTL8735B/video_api.c:2490:6:video_set_uvcd_iq	0	static
C:/ameba/ameba-rtos-pro2/component/video/driver/RTL8735B/video_api.c:2494:6:video_set_uvcd_sensor	0	static
C:/ameba/ameba-rtos-pro2/component/video/driver/RTL8735B/video_api.c:2498:5:sd_load_iq_sensor	80	static
C:/ameba/ameba-rtos-pro2/component/video/driver/RTL8735B/video_api.c:2678:7:video_deinit	8	static
C:/ameba/ameba-rtos-pro2/component/video/driver/RTL8735B/video_api.c:2697:7:video_poweroff	8	static
C:/ameba/ameba-rtos-pro2/component/video/driver/RTL8735B/video_api.c:2779:5:voe_get_sensor_info	48	static
C:/ameba/ameba-rtos-pro2/component/video/driver/RTL8735B/video_api.c:2814:6:voe_dump_isp_info	56	static
C:/ameba/ameba-rtos-pro2/component/video/driver/RTL8735B/video_api.c:2863:6:voe_t2ff_prealloc	16	static
C:/ameba/ameba-rtos-pro2/component/video/driver/RTL8735B/video_api.c:2884:5:voe_boot_fsc_status	0	static
C:/ameba/ameba-rtos-pro2/component/video/driver/RTL8735B/video_api.c:2890:5:voe_boot_fsc_id	8	static
C:/ameba/ameba-rtos-pro2/component/video/driver/RTL8735B/video_api.c:2896:9:isp_i2c_read_byte	16	static
C:/ameba/ameba-rtos-pro2/component/video/driver/RTL8735B/video_api.c:2906:5:video_set_fcs_id	64	static
C:/ameba/ameba-rtos-pro2/component/video/driver/RTL8735B/video_api.c:2942:5:video_fcs_write_sensor_id	0	static
C:/ameba/ameba-rtos-pro2/component/video/driver/RTL8735B/video_api.c:2956:6:video_get_video_snesor_info	0	static
C:/ameba/ameba-rtos-pro2/component/video/driver/RTL8735B/video_api.c:2962:6:video_set_video_snesor_info	0	static
C:/ameba/ameba-rtos-pro2/component/video/driver/RTL8735B/video_api.c:2968:5:video_get_video_sensor_status	0	static
C:/ameba/ameba-rtos-pro2/component/video/driver/RTL8735B/video_api.c:2973:5:video_get_video_sensor_index	0	static
C:/ameba/ameba-rtos-pro2/component/video/driver/RTL8735B/video_api.c:3014:7:video_fw_deinit	8	static
C:/ameba/ameba-rtos-pro2/component/video/driver/RTL8735B/video_api.c:3039:16:video_load_iq	16	static
C:/ameba/ameba-rtos-pro2/component/video/driver/RTL8735B/video_api.c:3066:16:video_load_sensor	16	static
C:/ameba/ameba-rtos-pro2/component/video/driver/RTL8735B/video_api.c:2709:6:voe_set_iq_sensor_fw	48	static
C:/ameba/ameba-rtos-pro2/component/video/driver/RTL8735B/video_api.c:3122:5:video_get_voe_version	24	static
C:/ameba/ameba-rtos-pro2/component/video/driver/RTL8735B/video_api.c:3164:6:video_get_version	24	static
C:/ameba/ameba-rtos-pro2/component/video/driver/RTL8735B/video_api.c:3188:5:video_load_fw	16	static
C:/ameba/ameba-rtos-pro2/component/video/driver/RTL8735B/video_api.c:2550:22:video_init	56	static
C:/ameba/ameba-rtos-pro2/component/video/driver/RTL8735B/video_api.c:2978:5:video_load	24	static
C:/ameba/ameba-rtos-pro2/component/video/driver/RTL8735B/video_api.c:3030:5:video_reset_fw	8	static
C:/ameba/ameba-rtos-pro2/component/video/driver/RTL8735B/video_api.c:3225:6:video_get_fcs_info	0	static
C:/ameba/ameba-rtos-pro2/component/video/driver/RTL8735B/video_api.c:3231:6:video_set_fcs_queue_info	8	static
C:/ameba/ameba-rtos-pro2/component/video/driver/RTL8735B/video_api.c:3238:6:video_get_fcs_queue_info	8	static
C:/ameba/ameba-rtos-pro2/component/video/driver/RTL8735B/video_api.c:3245:5:video_get_fcs_cost_time	0	static
C:/ameba/ameba-rtos-pro2/component/video/driver/RTL8735B/video_api.c:3534:5:video_set_private_mask	80	static
C:/ameba/ameba-rtos-pro2/component/video/driver/RTL8735B/video_api.c:1787:6:video_pre_init_procedure	144	static
C:/ameba/ameba-rtos-pro2/component/video/driver/RTL8735B/video_api.c:1919:5:video_open	1536	static
C:/ameba/ameba-rtos-pro2/component/video/driver/RTL8735B/video_api.c:3601:6:video_set_private_mask_single	72	static
C:/ameba/ameba-rtos-pro2/component/video/driver/RTL8735B/video_api.c:3672:5:voe_cmd_timout_setting	0	static
C:/ameba/ameba-rtos-pro2/component/video/driver/RTL8735B/video_api.c:3686:6:voe_cmd_timout_callback	16	static
C:/ameba/ameba-rtos-pro2/component/video/driver/RTL8735B/video_api.c:3695:6:voe_get_cmd_timout_info	8	static
C:/ameba/ameba-rtos-pro2/component/video/driver/RTL8735B/video_api.c:3703:6:voe_set_cmd_timout	0	static
C:/ameba/ameba-rtos-pro2/component/video/driver/RTL8735B/video_api.c:3710:10:video_get_video_timer_cur_time	8	static
C:/ameba/ameba-rtos-pro2/component/video/driver/RTL8735B/video_api.c:3717:10:video_get_system_ts_from_isp_ts	24	static
C:/ameba/ameba-rtos-pro2/component/video/driver/RTL8735B/video_api.c:3782:5:video_ext_in	8	static
C:/ameba/ameba-rtos-pro2/component/video/driver/RTL8735B/video_api.c:3799:7:video_base64_encode	28	static
C:/ameba/ameba-rtos-pro2/component/video/driver/RTL8735B/video_api.c:3286:5:video_get_sps_pps	56	static
C:/ameba/ameba-rtos-pro2/component/video/driver/RTL8735B/video_api.c:3334:5:video_get_sps_pps_vps	80	static
C:/ameba/ameba-rtos-pro2/component/video/driver/RTL8735B/video_api.c:3914:5:video_meta_copy_info	24	static
C:/ameba/ameba-rtos-pro2/component/video/driver/RTL8735B/video_api.c:4065:5:video_create_exif_tags	64	static
C:/ameba/ameba-rtos-pro2/component/video/driver/RTL8735B/video_api.c:4206:5:video_insert_jpeg_exif	16	static
C:/ameba/ameba-rtos-pro2/component/video/driver/RTL8735B/video_api.c:4223:6:video_fill_exif_tags_from_struct	48	static
C:/ameba/ameba-rtos-pro2/component/video/driver/RTL8735B/video_api.c:4424:6:video_sei_read	24	static
C:/ameba/ameba-rtos-pro2/component/video/driver/RTL8735B/video_api.c:4488:5:video_get_meta_offset	0	static
C:/ameba/ameba-rtos-pro2/component/video/driver/RTL8735B/video_api.c:4362:6:video_sei_write	32	static
C:/ameba/ameba-rtos-pro2/component/video/driver/RTL8735B/video_api.c:4505:6:device_voe_lock	8	static
C:/ameba/ameba-rtos-pro2/component/video/driver/RTL8735B/video_api.c:4510:6:device_voe_unlock	8	static
C:/ameba/ameba-rtos-pro2/component/video/driver/RTL8735B/video_api.c:4515:5:video_get_encoder_nalu_payload_info	32	static
C:/ameba/ameba-rtos-pro2/component/video/driver/RTL8735B/video_api.c:4576:5:video_get_error_group	0	static
