C:/ameba/ameba-rtos-pro2/component/soc/8735b/fwlib/rtl8735b/include/hal_uart.h:168:6:hal_uart_wputc	8	static
C:/ameba/ameba-rtos-pro2/component/soc/8735b/fwlib/rtl8735b/include/hal_uart.h:274:21:hal_uart_rgetc	8	static
C:/ameba/ameba-rtos-pro2/project/realtek_amebapro2_v0_example/src/main.c:33:6:app_ftl_init	8	static
C:/ameba/ameba-rtos-pro2/project/realtek_amebapro2_v0_example/src/main.c:86:6:log_uart_port_init	16	static
C:/ameba/ameba-rtos-pro2/project/realtek_amebapro2_v0_example/src/main.c:117:13:app_example	0	static
C:/ameba/ameba-rtos-pro2/project/realtek_amebapro2_v0_example/src/main.c:119:6:setup	8	static
C:/ameba/ameba-rtos-pro2/project/realtek_amebapro2_v0_example/src/main.c:140:6:set_initial_tick_count	16	static
C:/ameba/ameba-rtos-pro2/project/realtek_amebapro2_v0_example/src/main.c:162:6:main	8	static
