C:/ameba/ameba-rtos-pro2/component/example/media_websocket_viewer/bt_config_user.c:17:6:bt_config_callback	24	static
C:/ameba/ameba-rtos-pro2/component/example/media_websocket_viewer/bt_config_user.c:103:6:bt_config_send_data	8	static
C:/ameba/ameba-rtos-pro2/component/example/media_websocket_viewer/bt_config_user.c:48:5:connect_to_wifi_bt	232	static
C:/ameba/ameba-rtos-pro2/component/example/media_websocket_viewer/bt_config_user.c:110:6:bt_config_start_user	8	static
C:/ameba/ameba-rtos-pro2/component/example/media_websocket_viewer/bt_config_user.c:126:6:bt_config_stop_user	8	static
C:/ameba/ameba-rtos-pro2/component/example/media_websocket_viewer/bt_config_user.c:142:6:bt_config_has_credentials	0	static
C:/ameba/ameba-rtos-pro2/component/example/media_websocket_viewer/bt_config_user.c:147:13:bt_config_get_ssid	0	static
C:/ameba/ameba-rtos-pro2/component/example/media_websocket_viewer/bt_config_user.c:152:13:bt_config_get_password	0	static
