C:/ameba/ameba-rtos-pro2/component/soc/8735b/fwlib/rtl8735b/source/ram/hal_snand.c:280:14:hal_snand_pinmux_ctl.part.0	8	static
C:/ameba/ameba-rtos-pro2/component/soc/8735b/misc/utilities/include/memory.h:80:23:rt_memcpy.isra	8	static
C:/ameba/ameba-rtos-pro2/component/soc/8735b/fwlib/rtl8735b/source/ram/hal_snand.c:280:14:hal_snand_pinmux_ctl	8	static
C:/ameba/ameba-rtos-pro2/component/soc/8735b/fwlib/rtl8735b/source/ram/hal_snand.c:375:1:hal_snand_deinit	8	static
C:/ameba/ameba-rtos-pro2/component/soc/8735b/fwlib/rtl8735b/source/ram/hal_snand.c:383:6:hal_snand_adtr_reset	8	static
C:/ameba/ameba-rtos-pro2/component/soc/8735b/fwlib/rtl8735b/source/ram/hal_snand.c:417:6:hal_snand_clk_sel	0	static
C:/ameba/ameba-rtos-pro2/component/soc/8735b/fwlib/rtl8735b/source/ram/hal_snand.c:427:1:hal_snand_reset_to_spi	8	static
C:/ameba/ameba-rtos-pro2/component/soc/8735b/fwlib/rtl8735b/source/ram/hal_snand.c:434:1:hal_snand_read_id	8	static
C:/ameba/ameba-rtos-pro2/component/soc/8735b/fwlib/rtl8735b/source/ram/hal_snand.c:472:1:hal_snand_set_status	8	static
C:/ameba/ameba-rtos-pro2/component/soc/8735b/fwlib/rtl8735b/source/ram/hal_snand.c:481:1:hal_snand_set_status_no_check	8	static
C:/ameba/ameba-rtos-pro2/component/soc/8735b/fwlib/rtl8735b/source/ram/hal_snand.c:490:1:hal_snand_get_status	8	static
C:/ameba/ameba-rtos-pro2/component/soc/8735b/fwlib/rtl8735b/source/ram/hal_snand.c:448:1:hal_snand_set_quad_enable	8	static
C:/ameba/ameba-rtos-pro2/component/soc/8735b/fwlib/rtl8735b/source/ram/hal_snand.c:460:1:hal_snand_unset_quad_enable	8	static
C:/ameba/ameba-rtos-pro2/component/soc/8735b/fwlib/rtl8735b/source/ram/hal_snand.c:498:1:hal_snand_wait_ready	8	static
C:/ameba/ameba-rtos-pro2/component/soc/8735b/fwlib/rtl8735b/source/ram/hal_snand.c:505:1:hal_snand_set_write_enable	8	static
C:/ameba/ameba-rtos-pro2/component/soc/8735b/fwlib/rtl8735b/source/ram/hal_snand.c:512:1:hal_snand_set_write_disable	8	static
C:/ameba/ameba-rtos-pro2/component/soc/8735b/fwlib/rtl8735b/source/ram/hal_snand.c:519:1:hal_snand_block_erase	8	static
C:/ameba/ameba-rtos-pro2/component/soc/8735b/fwlib/rtl8735b/source/ram/hal_snand.c:529:1:hal_snand_page_program	8	static
C:/ameba/ameba-rtos-pro2/component/soc/8735b/fwlib/rtl8735b/source/ram/hal_snand.c:539:1:hal_snand_pio_read	16	static
C:/ameba/ameba-rtos-pro2/component/soc/8735b/fwlib/rtl8735b/source/ram/hal_snand.c:561:1:hal_snand_page_read	40	static
C:/ameba/ameba-rtos-pro2/component/soc/8735b/fwlib/rtl8735b/source/ram/hal_snand.c:605:1:hal_snand_page_read_w_cache.constprop	8	static
C:/ameba/ameba-rtos-pro2/component/soc/8735b/fwlib/rtl8735b/source/ram/hal_snand.c:623:1:hal_snand_pio_write	16	static
C:/ameba/ameba-rtos-pro2/component/soc/8735b/fwlib/rtl8735b/source/ram/hal_snand.c:645:1:hal_snand_dma_read	16	static
C:/ameba/ameba-rtos-pro2/component/soc/8735b/fwlib/rtl8735b/source/ram/hal_snand.c:667:1:hal_snand_dma_write	16	static
C:/ameba/ameba-rtos-pro2/component/soc/8735b/fwlib/rtl8735b/source/ram/hal_snand.c:696:6:hal_snand_io_mode_sel	0	static
C:/ameba/ameba-rtos-pro2/component/soc/8735b/fwlib/rtl8735b/source/ram/hal_snand.c:844:5:hal_snand_addr_cpy	24	static
C:/ameba/ameba-rtos-pro2/component/soc/8735b/fwlib/rtl8735b/source/ram/hal_snand.c:867:6:hal_snand_addr_ofst	32	static
C:/ameba/ameba-rtos-pro2/component/soc/8735b/fwlib/rtl8735b/source/ram/hal_snand.c:989:12:hal_snand_map_blk	32	static
C:/ameba/ameba-rtos-pro2/component/soc/8735b/fwlib/rtl8735b/source/ram/hal_snand.c:896:5:hal_snand_init_ctrl_info	8	static
C:/ameba/ameba-rtos-pro2/component/soc/8735b/fwlib/rtl8735b/source/ram/hal_snand.c:361:1:hal_snand_init	16	static
C:/ameba/ameba-rtos-pro2/component/soc/8735b/fwlib/rtl8735b/source/ram/hal_snand.c:763:9:hal_snand_bus_calibr	112	static
C:/ameba/ameba-rtos-pro2/component/soc/8735b/fwlib/rtl8735b/source/ram/hal_snand.c:927:5:hal_snand_part_adpt_init	48	static
C:/ameba/ameba-rtos-pro2/component/soc/8735b/fwlib/rtl8735b/source/ram/hal_snand.c:1030:5:hal_snand_ofst_2_addr	24	static
C:/ameba/ameba-rtos-pro2/component/soc/8735b/fwlib/rtl8735b/source/ram/hal_snand.c:1069:5:hal_snand_load_from_part	48	static
C:/ameba/ameba-rtos-pro2/component/soc/8735b/fwlib/rtl8735b/source/ram/hal_snand.c:1162:5:hal_snand_otp_clk_sel	0	static
C:/ameba/ameba-rtos-pro2/component/soc/8735b/fwlib/rtl8735b/source/ram/hal_snand.c:1200:1:hal_snand_dma_cont_read	24	static
